error: duplicate #[thisctx(skip)] option
 --> tests/compile_fail/duplicated_attr.rs:6:15
  |
6 |     #[thisctx(skip)]
  |               ^^^^
